{
  "info": {
    "version": 1,
    "author": "org.diez.Stub.Static"
  }
}