{
  "name": "diez-stub",
  "version": "10.10.10",
  "license": "MIT",
  "dependencies": {
  }
}
