{
  "info": {
    "version": 1,
    "author": "com.diez.Static"
  }
}