{
  "name": "diez-target-test-stub",
  "version": "10.10.10",
  "license": "MIT",
  "dependencies": {
    "meow": "^10.10.10"
  }
}
