{
  "info": {
    "version": 1,
    "author": "com.diez.Static"
  },
  "properties": {
    "provides-namespace": true
  }
}