name: Diez
options:
  bundleIdPrefix: com.diez
targets:
  Diez:
    type: framework
    platform: iOS
    sources: 
      - Sources
    info: 
      path: Sources/Diez/Info.plist
    dependencies:
      - target: Static
        embed: true
      - carthage: "Lottie"
        findFrameworks: true
    scheme: {} # Generates the shared scheme
  Static:
    type: bundle
    platform: iOS
    sources:
      - path: "static/assets"
        type: folder
      - path: "static/haiku"
        type: folder
