name: DiezStub
options:
  bundleIdPrefix: org.diez.Stub
targets:
  DiezStub:
    type: framework
    platform: iOS
    sources:
      - Sources/DiezStub
    info:
      path: Sources/DiezStub/Info.plist
      properties:
        CFBundleShortVersionString: 10.10.10
    scheme: {} # Generates the shared scheme
