<!doctype html>
<html>
<head>
  <meta charset="utf-8">
  <meta name="viewport" content="width=device-width, initial-scale=1.0">
  <style>
    #mount { width: 100vw; height: 100vh; }
    html, body { margin: 0; background: transparent; }
  </style>
  <script>
    var HaikuComponent_some_component=function(){/*Haiku contents go here*/}

    document.addEventListener('DOMContentLoaded', () => {
      HaikuComponent_some_component(document.getElementById('mount'), {
        // TODO: support runtime parameters.
        sizing: 'contain',
        loop: true
      });
    });
  </script>
</head>
<body>
  <div id="mount"></div>
</body>
</html>
