{"version":"2.3.6","fields":["name","type"],"fieldVectors":[["name//Primitives",[14,2.676]],["type//Primitives",[13,2.028]],["name//Primitives#number",[1,2.676]],["type//Primitives#number",[2,1.44]],["name//Primitives#integer",[3,2.676]],["type//Primitives#integer",[4,2.539]],["name//Primitives#float",[2,1.518]],["type//Primitives#float",[2,1.44]],["name//Primitives#string",[5,0.98]],["type//Primitives#string",[5,0.93]],["name//Primitives#boolean",[6,2.137]],["type//Primitives#boolean",[6,2.028]],["name//Primitives/child",[12,2.676]],["type//Primitives/child",[13,2.028]],["name//Primitives/emptyChild",[15,2.676]],["type//Primitives/emptyChild",[16,2.539]],["name//Primitives#referred",[17,2.676]],["type//Primitives#referred",[2,1.44]],["name//Primitives#quoted",[18,2.676]],["type//Primitives#quoted",[5,0.93]],["name//Primitives#class",[19,2.676]],["type//Primitives#class",[5,0.93]],["name//Primitives#10diez",[20,2.676]],["type//Primitives#10diez",[5,0.93]],["name//Primitives#di-ez",[21,1.943,22,1.943]],["type//Primitives#di-ez",[5,0.93]],["name//Primitives#10-diez",[23,1.943,24,1.943]],["type//Primitives#10-diez",[5,0.93]]],"invertedIndex":[["10",{"_index":23,"name":{"/Primitives#10-diez":{}},"type":{}}],["10diez",{"_index":20,"name":{"/Primitives#10diez":{}},"type":{}}],["2",{"_index":10,"name":{},"type":{"/Primitives":{}}}],["3",{"_index":8,"name":{},"type":{"/Primitives":{}}}],["boolean",{"_index":6,"name":{"/Primitives#boolean":{}},"type":{"/Primitives#boolean":{}}}],["child",{"_index":12,"name":{"/Primitives/child":{}},"type":{}}],["childcomponent",{"_index":13,"name":{},"type":{"/Primitives/child":{},"/Primitives":{}}}],["childs",{"_index":14,"name":{"/Primitives":{}},"type":{}}],["class",{"_index":19,"name":{"/Primitives#class":{}},"type":{}}],["di",{"_index":21,"name":{"/Primitives#di-ez":{}},"type":{}}],["diez",{"_index":24,"name":{"/Primitives#10-diez":{}},"type":{}}],["emptychild",{"_index":15,"name":{"/Primitives/emptyChild":{}},"type":{}}],["emptycomponent",{"_index":16,"name":{},"type":{"/Primitives/emptyChild":{}}}],["emptylist",{"_index":11,"name":{"/Primitives":{}},"type":{}}],["ez",{"_index":22,"name":{"/Primitives#di-ez":{}},"type":{}}],["float",{"_index":2,"name":{"/Primitives#float":{}},"type":{"/Primitives#number":{},"/Primitives#float":{},"/Primitives#referred":{}}}],["int",{"_index":4,"name":{},"type":{"/Primitives#integer":{}}}],["integer",{"_index":3,"name":{"/Primitives#integer":{}},"type":{}}],["integers",{"_index":7,"name":{"/Primitives":{}},"type":{}}],["number",{"_index":1,"name":{"/Primitives#number":{}},"type":{}}],["primitives",{"_index":0,"name":{"/Primitives":{}},"type":{"/Primitives":{}}}],["quoted",{"_index":18,"name":{"/Primitives#quoted":{}},"type":{}}],["referred",{"_index":17,"name":{"/Primitives#referred":{}},"type":{}}],["string",{"_index":5,"name":{"/Primitives#string":{}},"type":{"/Primitives#string":{},"/Primitives#quoted":{},"/Primitives#class":{},"/Primitives#10diez":{},"/Primitives#di-ez":{},"/Primitives#10-diez":{}}}],["strings",{"_index":9,"name":{"/Primitives":{}},"type":{}}]],"pipeline":[]}
